plain chromium 153.0.8010.12
plain firefox 155.0
plain webkit 26.6
none chromium 153.0.8010.12
none firefox 155.0
none webkit 26.6
noreplay chromium 153.0.8010.12
noreplay firefox 155.0
noreplay webkit 26.6
replay chromium 153.0.8010.12
replay firefox 155.0
replay webkit 26.6
explicit chromium 153.0.8010.12
explicit firefox 155.0
explicit webkit 26.6
zone chromium 153.0.8010.12
zone firefox 155.0
zone webkit 26.6
i18n-off chromium 153.0.8010.12
i18n-off firefox 155.0
i18n-off webkit 26.6
i18n-on chromium 153.0.8010.12
i18n-on firefox 155.0
i18n-on webkit 26.6
